// Jest Snapshot v1, https://goo.gl/fbAQLP

exports[`renders correctly 1`] = `
<View
  style={
    Object {
      "alignItems": "center",
      "flex": 1,
    }
  }
>
  <TextInput
    allowFontScaling={true}
    onChangeText={[Function]}
    placeholder="Name"
    placeholderTextColor="grey"
    rejectResponderTermination={true}
    style={
      Object {
        "borderBottomWidth": 1,
        "borderColor": "#6D4539",
        "color": "#6D4539",
        "fontSize": 16,
        "fontWeight": "bold",
        "margin": 10,
        "padding": 15,
        "textAlign": "center",
        "width": "85%",
      }
    }
    underlineColorAndroid="transparent"
    value=""
  />
  <TextInput
    allowFontScaling={true}
    autoCapitalize="none"
    onChangeText={[Function]}
    placeholder="Email"
    placeholderTextColor="grey"
    rejectResponderTermination={true}
    style={
      Object {
        "borderBottomWidth": 1,
        "borderColor": "#6D4539",
        "color": "#6D4539",
        "fontSize": 16,
        "fontWeight": "bold",
        "margin": 10,
        "padding": 15,
        "textAlign": "center",
        "width": "85%",
      }
    }
    underlineColorAndroid="transparent"
    value=""
  />
  <TextInput
    allowFontScaling={true}
    onChangeText={[Function]}
    placeholder="Password"
    placeholderTextColor="grey"
    rejectResponderTermination={true}
    secureTextEntry={true}
    style={
      Object {
        "borderBottomWidth": 1,
        "borderColor": "#6D4539",
        "color": "#6D4539",
        "fontSize": 16,
        "fontWeight": "bold",
        "margin": 10,
        "padding": 15,
        "textAlign": "center",
        "width": "85%",
      }
    }
    underlineColorAndroid="transparent"
    value=""
  />
  <TextInput
    allowFontScaling={true}
    onChangeText={[Function]}
    placeholder="Confirm Password"
    placeholderTextColor="grey"
    rejectResponderTermination={true}
    secureTextEntry={true}
    style={
      Object {
        "borderBottomWidth": 1,
        "borderColor": "#6D4539",
        "color": "#6D4539",
        "fontSize": 16,
        "fontWeight": "bold",
        "margin": 10,
        "padding": 15,
        "textAlign": "center",
        "width": "85%",
      }
    }
    underlineColorAndroid="transparent"
    value=""
  />
  <View
    accessibilityRole="button"
    accessibilityState={Object {}}
    accessible={true}
    focusable={true}
    onClick={[Function]}
    onResponderGrant={[Function]}
    onResponderMove={[Function]}
    onResponderRelease={[Function]}
    onResponderTerminate={[Function]}
    onResponderTerminationRequest={[Function]}
    onStartShouldSetResponder={[Function]}
    style={
      Object {
        "opacity": 1,
      }
    }
  >
    <View
      style={
        Array [
          Object {},
        ]
      }
    >
      <Text
        style={
          Array [
            Object {
              "color": "#007AFF",
              "fontSize": 18,
              "margin": 8,
              "textAlign": "center",
            },
            Object {
              "color": "#F8AF5E",
            },
          ]
        }
      >
        Sign me up!
      </Text>
    </View>
  </View>
</View>
`;
